---
source: src/sql.rs
expression: sql
---
WITH m0_user_input AS (SELECT * FROM (VALUES (1, $1::text)) AS t(ord, "name")), m0_user AS (INSERT INTO "public"."users" ("name") SELECT c."name" FROM m0_user_input c ORDER BY c.ord RETURNING *), m0_user_ord AS (SELECT *, ROW_NUMBER() OVER () AS ord FROM m0_user), m0_input AS (SELECT * FROM (VALUES (1, $2::text)) AS t(ord, "title")), m0 AS (INSERT INTO "public"."posts" ("title", "user_id") SELECT c."title", o_user."id" FROM m0_input c JOIN m0_user_ord o_user ON o_user.ord = c.ord ORDER BY c.ord RETURNING *), m0_ord AS (SELECT *, ROW_NUMBER() OVER () AS ord FROM m0) SELECT json_build_object('insert_posts', json_build_object('affected_rows', ((SELECT count(*) FROM m0) + (SELECT count(*) FROM m0_user)), 'returning', (SELECT coalesce(json_agg(json_build_object('title', m0."title", 'user', (SELECT row_to_json(r1) FROM (SELECT t0."name" AS "name" FROM m0_user t0 WHERE t0."id" = m0."user_id" LIMIT 1) r1))), '[]'::json) FROM m0))) AS result
